[KXYTVIEWSW] all=195 resolved=119 open=76 sample=80
   0/80 KXYTVIEWSW-YOU26AUG02-6.8M n=191
   20/80 KXYTVIEWSW-TAY26AUG02-14.2M n=168
   40/80 KXYTVIEWSW-DRA26AUG09-12.0M n=94
   60/80 KXYTVIEWSW-BAD26AUG09-27.0M n=16
[KXYTVIEWSW] done
[KXFEDFUNDSYEAR] all=210 resolved=210 open=210 sample=80
   0/80 KXFEDFUNDSYEAR-37JAN01-T3.00 n=10
   20/80 KXFEDFUNDSYEAR-31JAN01-T4.25 n=1
   40/80 KXFEDFUNDSYEAR-36JAN01-T3.75 n=1
   60/80 KXFEDFUNDSYEAR-29JAN01-T3.25 n=1
[KXFEDFUNDSYEAR] done
[KXUSCPIYEAR] all=130 resolved=130 open=130 sample=80
   0/80 KXUSCPIYEAR-29FEB01-T1.0 n=31
   20/80 KXUSCPIYEAR-33FEB01-T1.0 n=8
   40/80 KXUSCPIYEAR-36FEB01-T5.5 n=13
   60/80 KXUSCPIYEAR-30FEB01-T6.0 n=20
[KXUSCPIYEAR] done
[KXNOMGDPGROWTH] all=143 resolved=143 open=143 sample=80
   0/80 KXNOMGDPGROWTH-31JAN28-T0.5 n=1
   20/80 KXNOMGDPGROWTH-28JAN28-T4.0 n=1
   40/80 KXNOMGDPGROWTH-37JAN28-T3.5 n=7
   60/80 KXNOMGDPGROWTH-34JAN28-T2.0 n=0
[KXNOMGDPGROWTH] done
[KXH200MS] all=165 resolved=165 open=143 sample=80
   0/80 KXH200MS-27MAY-4.500 n=37
   20/80 KXH200MS-26JUL-5.500 n=175
   40/80 KXH200MS-27AUG-7.500 n=0
   60/80 KXH200MS-26JUN-1.500 n=8
[KXH200MS] done
[KXB200MS] all=141 resolved=141 open=123 sample=80
   0/80 KXB200MS-27MAY-6.500 n=175
   20/80 KXB200MS-26DEC-3.50 n=8
   40/80 KXB200MS-27JAN-4.500 n=52
   60/80 KXB200MS-26JUN-7.000 n=35
[KXB200MS] done
[KXROLEATEVENTCOACHELLA] all=115 resolved=115 open=115 sample=115
   0/115 KXROLEATEVENTCOACHELLA-27DEC31-TYG n=1
   20/115 KXROLEATEVENTCOACHELLA-27DEC31-XCX n=19
   40/115 KXROLEATEVENTCOACHELLA-27DEC31-DAF n=88
   60/115 KXROLEATEVENTCOACHELLA-27DEC31-CUA n=159
   80/115 KXROLEATEVENTCOACHELLA-27DEC31-JCO n=3
   100/115 KXROLEATEVENTCOACHELLA-27DEC31-ELL n=2
[KXROLEATEVENTCOACHELLA] done
ALLDONE
