[KXFEDFUNDSYEAR] all=210 resolved=210 open=210 sample=210
   0/210 KXFEDFUNDSYEAR-37JAN01-T3.00 n=10
   20/210 KXFEDFUNDSYEAR-31JAN01-T4.25 n=1
   40/210 KXFEDFUNDSYEAR-36JAN01-T3.75 n=1
   60/210 KXFEDFUNDSYEAR-29JAN01-T3.25 n=1
   80/210 KXFEDFUNDSYEAR-28JAN01-T1.50 n=31
   100/210 KXFEDFUNDSYEAR-29JAN01-T3.00 n=1
   120/210 KXFEDFUNDSYEAR-31JAN01-T2.00 n=9
   140/210 KXFEDFUNDSYEAR-33JAN01-T1.25 n=17
   160/210 KXFEDFUNDSYEAR-34JAN01-T3.00 n=12
   180/210 KXFEDFUNDSYEAR-35JAN01-T5.25 n=5
   200/210 KXFEDFUNDSYEAR-37JAN01-T2.25 n=13
[KXFEDFUNDSYEAR] done
[KXUSCPIYEAR] all=130 resolved=130 open=130 sample=130
   0/130 KXUSCPIYEAR-29FEB01-T1.0 n=31
   20/130 KXUSCPIYEAR-33FEB01-T1.0 n=8
   40/130 KXUSCPIYEAR-36FEB01-T5.5 n=13
   60/130 KXUSCPIYEAR-30FEB01-T6.0 n=20
   80/130 KXUSCPIYEAR-28FEB01-T0.5 n=24
   100/130 KXUSCPIYEAR-32FEB01-T0.5 n=16
   120/130 KXUSCPIYEAR-35FEB01-T5.5 n=5
[KXUSCPIYEAR] done
[KXNOMGDPGROWTH] all=143 resolved=143 open=143 sample=143
   0/143 KXNOMGDPGROWTH-31JAN28-T0.5 n=1
   20/143 KXNOMGDPGROWTH-28JAN28-T4.0 n=1
   40/143 KXNOMGDPGROWTH-37JAN28-T3.5 n=7
   60/143 KXNOMGDPGROWTH-34JAN28-T2.0 n=0
   80/143 KXNOMGDPGROWTH-27JAN28-T0.5 n=0
   100/143 KXNOMGDPGROWTH-30JAN28-T4.5 n=1
   120/143 KXNOMGDPGROWTH-33JAN28-T5.5 n=0
   140/143 KXNOMGDPGROWTH-37JAN28-T1.5 n=8
[KXNOMGDPGROWTH] done
ALLDONE
EXPDONE
