[KXFEDFUNDSYEAR] all=210 resolved=0 open=0 sample=0
[KXFEDFUNDSYEAR] done
[KXUSCPIYEAR] all=130 resolved=0 open=0 sample=0
[KXUSCPIYEAR] done
[KXNOMGDPGROWTH] all=143 resolved=0 open=0 sample=0
[KXNOMGDPGROWTH] done
[KXH200MS] all=165 resolved=22 open=0 sample=22
   0/22 KXH200MS-26JUL-4.000 n=258
   20/22 KXH200MS-26JUL-1.500 n=40
[KXH200MS] done
[KXB200MS] all=141 resolved=18 open=0 sample=18
   0/18 KXB200MS-26JUN-7.000 n=35
[KXB200MS] done
[KXROLEATEVENTCOACHELLA] all=115 resolved=0 open=0 sample=0
[KXROLEATEVENTCOACHELLA] done
[KXYTVIEWSW] all=195 resolved=119 open=0 sample=80
   0/80 KXYTVIEWSW-YOU26AUG02-6.8M n=191
   20/80 KXYTVIEWSW-TAY26AUG02-14.2M n=168
   40/80 KXYTVIEWSW-DRA26AUG09-12.0M n=94
   60/80 KXYTVIEWSW-BAD26AUG09-27.0M n=16
[KXYTVIEWSW] done
ALLDONE
